
===> btop++ v1.4.6
2026-04-06 (13:16:04) | INFO: Logger set to INFO
2026-04-06 (13:16:04) | INFO: Running on /dev/pts/1
2026-04-06 (13:16:04) | INFO: Failed to load libnvidia-ml.so, NVIDIA GPUs will not be detected: libnvidia-ml.so.1: 無法開啟共用物件: 沒有此一檔案或目錄
2026-04-06 (13:16:04) | INFO: Failed to load librocm_smi64.so, AMD GPUs will not be detected: librocm_smi64.so.6: 無法開啟共用物件: 沒有此一檔案或目錄

===> btop++ v1.4.6
2026-04-06 (13:28:31) | INFO: Logger set to INFO
2026-04-06 (13:28:31) | INFO: Running on /dev/pts/0
2026-04-06 (13:28:31) | INFO: Failed to load libnvidia-ml.so, NVIDIA GPUs will not be detected: libnvidia-ml.so.1: 無法開啟共用物件: 沒有此一檔案或目錄
2026-04-06 (13:28:31) | INFO: Failed to load librocm_smi64.so, AMD GPUs will not be detected: librocm_smi64.so.6: 無法開啟共用物件: 沒有此一檔案或目錄
2026-04-06 (13:28:38) | INFO: Quitting! Runtime: 00:00:07

===> btop++ v1.4.6
2026-04-06 (13:31:55) | INFO: Logger set to INFO
2026-04-06 (13:31:55) | INFO: Running on /dev/pts/1
2026-04-06 (13:31:56) | INFO: Failed to load libnvidia-ml.so, NVIDIA GPUs will not be detected: libnvidia-ml.so.1: 無法開啟共用物件: 沒有此一檔案或目錄
2026-04-06 (13:31:56) | INFO: Failed to load librocm_smi64.so, AMD GPUs will not be detected: librocm_smi64.so.6: 無法開啟共用物件: 沒有此一檔案或目錄
2026-04-06 (13:32:29) | INFO: Quitting! Runtime: 00:00:34

===> btop++ v1.4.6
2026-04-06 (13:33:17) | INFO: Logger set to INFO
2026-04-06 (13:33:17) | INFO: Running on /dev/pts/1
2026-04-06 (13:33:17) | INFO: Failed to load libnvidia-ml.so, NVIDIA GPUs will not be detected: libnvidia-ml.so.1: 無法開啟共用物件: 沒有此一檔案或目錄
2026-04-06 (13:33:17) | INFO: Failed to load librocm_smi64.so, AMD GPUs will not be detected: librocm_smi64.so.6: 無法開啟共用物件: 沒有此一檔案或目錄

===> btop++ v1.4.6
2026-04-06 (13:34:56) | INFO: Logger set to INFO
2026-04-06 (13:34:56) | INFO: Running on /dev/pts/0
2026-04-06 (13:34:56) | INFO: Failed to load libnvidia-ml.so, NVIDIA GPUs will not be detected: libnvidia-ml.so.1: 無法開啟共用物件: 沒有此一檔案或目錄
2026-04-06 (13:34:56) | INFO: Failed to load librocm_smi64.so, AMD GPUs will not be detected: librocm_smi64.so.6: 無法開啟共用物件: 沒有此一檔案或目錄
2026-04-06 (13:35:16) | INFO: Quitting! Runtime: 00:00:20

===> btop++ v1.4.6
2026-04-06 (13:47:42) | INFO: Logger set to INFO
2026-04-06 (13:47:42) | INFO: Running on /dev/pts/2
2026-04-06 (13:47:42) | INFO: Failed to load libnvidia-ml.so, NVIDIA GPUs will not be detected: libnvidia-ml.so.1: 無法開啟共用物件: 沒有此一檔案或目錄
2026-04-06 (13:47:42) | INFO: Failed to load librocm_smi64.so, AMD GPUs will not be detected: librocm_smi64.so.6: 無法開啟共用物件: 沒有此一檔案或目錄

===> btop++ v1.4.6
2026-04-07 (05:37:05) | INFO: Logger set to INFO
2026-04-07 (05:37:05) | INFO: Running on /dev/pts/0
2026-04-07 (05:37:05) | INFO: Failed to load libnvidia-ml.so, NVIDIA GPUs will not be detected: libnvidia-ml.so.1: 無法開啟共用物件: 沒有此一檔案或目錄
2026-04-07 (05:37:05) | INFO: Failed to load librocm_smi64.so, AMD GPUs will not be detected: librocm_smi64.so.6: 無法開啟共用物件: 沒有此一檔案或目錄

===> btop++ v1.4.6
2026-04-07 (05:43:00) | INFO: Logger set to INFO
2026-04-07 (05:43:00) | INFO: Running on /dev/pts/2
2026-04-07 (05:43:00) | INFO: Failed to load libnvidia-ml.so, NVIDIA GPUs will not be detected: libnvidia-ml.so.1: 無法開啟共用物件: 沒有此一檔案或目錄
2026-04-07 (05:43:00) | INFO: Failed to load librocm_smi64.so, AMD GPUs will not be detected: librocm_smi64.so.6: 無法開啟共用物件: 沒有此一檔案或目錄

===> btop++ v1.4.6
2026-04-07 (05:50:46) | INFO: Logger set to INFO
2026-04-07 (05:50:46) | INFO: Running on /dev/pts/0
2026-04-07 (05:50:46) | INFO: Failed to load libnvidia-ml.so, NVIDIA GPUs will not be detected: libnvidia-ml.so.1: 無法開啟共用物件: 沒有此一檔案或目錄
2026-04-07 (05:50:46) | INFO: Failed to load librocm_smi64.so, AMD GPUs will not be detected: librocm_smi64.so.6: 無法開啟共用物件: 沒有此一檔案或目錄

===> btop++ v1.4.6
2026-04-07 (05:51:45) | INFO: Logger set to INFO
2026-04-07 (05:51:45) | INFO: Running on /dev/pts/0
2026-04-07 (05:51:45) | INFO: Failed to load libnvidia-ml.so, NVIDIA GPUs will not be detected: libnvidia-ml.so.1: 無法開啟共用物件: 沒有此一檔案或目錄
2026-04-07 (05:51:45) | INFO: Failed to load librocm_smi64.so, AMD GPUs will not be detected: librocm_smi64.so.6: 無法開啟共用物件: 沒有此一檔案或目錄

===> btop++ v1.4.6
2026-04-07 (06:29:20) | INFO: Logger set to INFO
2026-04-07 (06:29:20) | INFO: Running on /dev/pts/0
2026-04-07 (06:29:20) | INFO: Failed to load libnvidia-ml.so, NVIDIA GPUs will not be detected: libnvidia-ml.so.1: 無法開啟共用物件: 沒有此一檔案或目錄
2026-04-07 (06:29:20) | INFO: Failed to load librocm_smi64.so, AMD GPUs will not be detected: librocm_smi64.so.6: 無法開啟共用物件: 沒有此一檔案或目錄
2026-04-07 (06:29:38) | INFO: Quitting! Runtime: 00:00:18

===> btop++ v1.4.6
2026-04-08 (09:19:37) | INFO: Logger set to INFO
2026-04-08 (09:19:37) | INFO: Running on /dev/pts/3
2026-04-08 (09:19:38) | INFO: Failed to load libnvidia-ml.so, NVIDIA GPUs will not be detected: libnvidia-ml.so.1: 無法開啟共用物件: 沒有此一檔案或目錄
2026-04-08 (09:19:38) | INFO: Failed to load librocm_smi64.so, AMD GPUs will not be detected: librocm_smi64.so.6: 無法開啟共用物件: 沒有此一檔案或目錄
2026-04-08 (09:19:41) | INFO: Quitting! Runtime: 00:00:04

===> btop++ v1.4.6
2026-04-08 (09:19:43) | INFO: Logger set to INFO
2026-04-08 (09:19:43) | INFO: Running on /dev/pts/3
2026-04-08 (09:19:43) | INFO: Failed to load libnvidia-ml.so, NVIDIA GPUs will not be detected: libnvidia-ml.so.1: 無法開啟共用物件: 沒有此一檔案或目錄
2026-04-08 (09:19:43) | INFO: Failed to load librocm_smi64.so, AMD GPUs will not be detected: librocm_smi64.so.6: 無法開啟共用物件: 沒有此一檔案或目錄
2026-04-08 (09:19:52) | INFO: Quitting! Runtime: 00:00:09
