
rc boot logging started at Mon Apr  6 18:33:53 2026


rc boot logging stopped at Mon Apr  6 18:33:53 2026


rc default logging started at Mon Apr  6 18:33:53 2026


rc default logging stopped at Mon Apr  6 18:33:53 2026


rc shutdown logging started at Mon Apr  6 18:34:50 2026


rc shutdown logging stopped at Mon Apr  6 18:34:50 2026


rc boot logging started at Mon Apr  6 18:34:57 2026


rc boot logging stopped at Mon Apr  6 18:34:57 2026


rc default logging started at Mon Apr  6 18:34:57 2026


rc default logging stopped at Mon Apr  6 18:34:57 2026


rc shutdown logging started at Mon Apr  6 18:53:02 2026


rc shutdown logging stopped at Mon Apr  6 18:53:02 2026


rc boot logging started at Mon Apr  6 18:53:08 2026


rc boot logging stopped at Mon Apr  6 18:53:08 2026


rc default logging started at Mon Apr  6 18:53:08 2026


rc default logging stopped at Mon Apr  6 18:53:08 2026


rc shutdown logging started at Mon Apr  6 18:59:15 2026


rc shutdown logging stopped at Mon Apr  6 18:59:15 2026


rc boot logging started at Mon Apr  6 18:59:47 2026


rc boot logging stopped at Mon Apr  6 18:59:47 2026


rc default logging started at Mon Apr  6 18:59:47 2026


rc default logging stopped at Mon Apr  6 18:59:47 2026


rc shutdown logging started at Mon Apr  6 19:26:34 2026


rc shutdown logging stopped at Mon Apr  6 19:26:34 2026


rc boot logging started at Mon Apr  6 19:26:41 2026


rc boot logging stopped at Mon Apr  6 19:26:41 2026


rc default logging started at Mon Apr  6 19:26:41 2026


rc default logging stopped at Mon Apr  6 19:26:41 2026


rc shutdown logging started at Mon Apr  6 19:27:05 2026


rc shutdown logging stopped at Mon Apr  6 19:27:05 2026


rc boot logging started at Mon Apr  6 19:27:44 2026


rc boot logging stopped at Mon Apr  6 19:27:44 2026


rc default logging started at Mon Apr  6 19:27:44 2026


rc default logging stopped at Mon Apr  6 19:27:44 2026


rc shutdown logging started at Mon Apr  6 19:44:05 2026


rc shutdown logging stopped at Mon Apr  6 19:44:05 2026


rc boot logging started at Mon Apr  6 19:44:32 2026


rc boot logging stopped at Mon Apr  6 19:44:32 2026


rc default logging started at Mon Apr  6 19:44:32 2026


rc default logging stopped at Mon Apr  6 19:44:32 2026


rc shutdown logging started at Mon Apr  6 19:44:58 2026


rc shutdown logging stopped at Mon Apr  6 19:44:58 2026


rc boot logging started at Mon Apr  6 19:45:05 2026


rc boot logging stopped at Mon Apr  6 19:45:05 2026


rc default logging started at Mon Apr  6 19:45:05 2026


rc default logging stopped at Mon Apr  6 19:45:05 2026


rc shutdown logging started at Mon Apr  6 20:27:54 2026


rc shutdown logging stopped at Mon Apr  6 20:27:54 2026


rc boot logging started at Mon Apr  6 20:28:21 2026


rc boot logging stopped at Mon Apr  6 20:28:21 2026


rc default logging started at Mon Apr  6 20:28:21 2026


rc default logging stopped at Mon Apr  6 20:28:21 2026


rc shutdown logging started at Mon Apr  6 20:29:43 2026


rc shutdown logging stopped at Mon Apr  6 20:29:43 2026


rc boot logging started at Mon Apr  6 20:29:46 2026


rc boot logging stopped at Mon Apr  6 20:29:46 2026


rc default logging started at Mon Apr  6 20:29:46 2026


rc default logging stopped at Mon Apr  6 20:29:46 2026


rc shutdown logging started at Mon Apr  6 20:30:36 2026


rc shutdown logging stopped at Mon Apr  6 20:30:36 2026


rc boot logging started at Mon Apr  6 20:30:43 2026


rc boot logging stopped at Mon Apr  6 20:30:43 2026


rc default logging started at Mon Apr  6 20:30:43 2026


rc default logging stopped at Mon Apr  6 20:30:43 2026


rc shutdown logging started at Mon Apr  6 20:31:29 2026


rc shutdown logging stopped at Mon Apr  6 20:31:29 2026


rc boot logging started at Mon Apr  6 20:31:34 2026


rc boot logging stopped at Mon Apr  6 20:31:34 2026


rc default logging started at Mon Apr  6 20:31:34 2026


rc default logging stopped at Mon Apr  6 20:31:34 2026


rc shutdown logging started at Mon Apr  6 21:25:51 2026


rc shutdown logging stopped at Mon Apr  6 21:25:51 2026


rc boot logging started at Mon Apr  6 21:25:56 2026


rc boot logging stopped at Mon Apr  6 21:25:56 2026


rc default logging started at Mon Apr  6 21:25:56 2026


rc default logging stopped at Mon Apr  6 21:25:56 2026


rc shutdown logging started at Mon Apr  6 21:29:38 2026


rc shutdown logging stopped at Mon Apr  6 21:29:38 2026


rc boot logging started at Mon Apr  6 21:30:35 2026


rc boot logging stopped at Mon Apr  6 21:30:35 2026


rc default logging started at Mon Apr  6 21:30:35 2026


rc default logging stopped at Mon Apr  6 21:30:35 2026


rc shutdown logging started at Mon Apr  6 21:33:04 2026


rc shutdown logging stopped at Mon Apr  6 21:33:04 2026


rc boot logging started at Mon Apr  6 21:33:07 2026


rc boot logging stopped at Mon Apr  6 21:33:07 2026


rc default logging started at Mon Apr  6 21:33:07 2026


rc default logging stopped at Mon Apr  6 21:33:07 2026


rc shutdown logging started at Mon Apr  6 21:34:05 2026


rc shutdown logging stopped at Mon Apr  6 21:34:05 2026


rc boot logging started at Mon Apr  6 21:34:41 2026


rc boot logging stopped at Mon Apr  6 21:34:41 2026


rc default logging started at Mon Apr  6 21:34:41 2026


rc default logging stopped at Mon Apr  6 21:34:41 2026


rc shutdown logging started at Mon Apr  6 21:50:31 2026


rc shutdown logging stopped at Mon Apr  6 21:50:31 2026


rc boot logging started at Mon Apr  6 21:51:33 2026


rc boot logging stopped at Mon Apr  6 21:51:33 2026


rc default logging started at Mon Apr  6 21:51:33 2026


rc default logging stopped at Mon Apr  6 21:51:33 2026


rc shutdown logging started at Tue Apr  7 13:44:36 2026


rc shutdown logging stopped at Tue Apr  7 13:44:36 2026


rc boot logging started at Tue Apr  7 13:44:40 2026


rc boot logging stopped at Tue Apr  7 13:44:40 2026


rc default logging started at Tue Apr  7 13:44:40 2026


rc default logging stopped at Tue Apr  7 13:44:40 2026


rc shutdown logging started at Tue Apr  7 13:50:58 2026


rc shutdown logging stopped at Tue Apr  7 13:50:58 2026


rc boot logging started at Tue Apr  7 13:51:27 2026


rc boot logging stopped at Tue Apr  7 13:51:27 2026


rc default logging started at Tue Apr  7 13:51:27 2026


rc default logging stopped at Tue Apr  7 13:51:27 2026


rc shutdown logging started at Tue Apr  7 14:35:17 2026


rc shutdown logging stopped at Tue Apr  7 14:35:17 2026


rc boot logging started at Tue Apr  7 14:35:45 2026


rc boot logging stopped at Tue Apr  7 14:35:45 2026


rc default logging started at Tue Apr  7 14:35:45 2026


rc default logging stopped at Tue Apr  7 14:35:45 2026


rc boot logging started at Tue Apr  7 20:56:38 2026


rc boot logging stopped at Tue Apr  7 20:56:38 2026


rc default logging started at Tue Apr  7 20:56:38 2026


rc default logging stopped at Tue Apr  7 20:56:38 2026


rc shutdown logging started at Tue Apr  7 23:51:25 2026


rc shutdown logging stopped at Tue Apr  7 23:51:25 2026


rc boot logging started at Wed Apr  8 10:28:24 2026


rc boot logging stopped at Wed Apr  8 10:28:24 2026


rc default logging started at Wed Apr  8 10:28:24 2026


rc default logging stopped at Wed Apr  8 10:28:25 2026

